PASS mult_ring 每局倍率 +1
PASS gold_charm 倍率 +2
PASS super_mult 倍率 +3
PASS divine_blessing 最终 ×1.2
PASS perfect_21 非自然 21 -> ×2
PASS perfect_21 自然 21 不触发（由 Blackjack 大师负责）
PASS perfect_21 20 点不触发
PASS ace_and_ten_exact A 算 1 恰好 12 -> 倍率 +20
PASS ace_and_ten_exact 两张 A（A=1 为 2）不触发
PASS ace_and_ten_exact A+K+2（A=1 为 13）不触发
PASS fives_15 三张 5 -> +30
PASS fives_15 两张 5 不触发
PASS low_buff 含 3/4/5 -> +2
PASS low_buff 无 3/4/5 不触发
PASS dealer_mirror_17 点数 == 庄家明牌(10) -> +3
PASS dealer_mirror_17 明牌为 A 时按 11 比对
PASS dealer_mirror_17 不等不触发
PASS blackjack_master 自然 21 -> ×5
PASS blackjack_master 非自然 21 不触发
PASS bj_insurance 自然 21 强制判胜（庄家赢改判玩家赢）
PASS pair_boost J+Q 视为同点对子 -> +3
PASS pair_boost 10+J 视为同点对子 -> +3
PASS pair_boost 10+9 不触发
PASS pair_royalty J+J -> +8
PASS pair_royalty Q+Q / K+K -> +8
PASS pair_royalty J+Q 点数不同不触发
PASS pair_royalty 10+J 非同一 J/Q/K 不触发
PASS pair_royalty 10+10 不触发（10 不属于 J/Q/K）
PASS flush_master 4 张同花 -> ×2
PASS flush_master 3 张同花不触发
PASS double_seven 两张 7 -> +15
PASS double_seven 一张 7 不触发
PASS rainbow_21 恰好 21 且四花色齐全 -> ×2
PASS rainbow_21 缺一花色不触发
PASS rainbow_21 四花色但非 21 不触发
PASS clockwork_dragon 含 A 与 10 点牌且非自然 -> ×10
PASS clockwork_dragon 自然 21 不触发（“非自然”边界）
PASS clockwork_dragon 无 A 不触发
PASS clockwork_dragon 无 10 点牌不触发
PASS push_king 平局 -> 倍率 +2 且筹码 +300
PASS push_as_win 平局判胜
PASS dealer_22_push 庄家 22 且玩家 <=21 -> 判平局
PASS dealer_22_push 玩家也超 21 时不改判
PASS insurance_master 庄家明 A 且输 -> 只输一半
PASS insurance_master 庄家非明 A 不触发
PASS bust_shield 爆牌改判平局并扣次
PASS bust_shield 未爆牌不触发也不扣次
PASS ace_blessing 每张 A 倍率 +1
PASS ace_blessing 无 A 不触发
PASS ten_spotlight 含 10/J/Q/K -> +1
PASS ten_spotlight 无十点牌不触发
PASS dealer_killer 庄家爆牌 -> 筹码 +1000
PASS steal_money 庄家爆牌 -> ×1.2
PASS coward_curse 庄家恰 17 -> +2
PASS coward_curse 庄家 16 不触发
PASS conservative_bet 下注 <=100 且赢 -> +3
PASS conservative_bet 下注 101 或未赢不触发
PASS balanced_bet 下注 200~500 且赢 -> +5
PASS balanced_bet 边界 199 / 501 不触发
PASS small_bet_master 恰 $50 且赢 -> +4 且 +1000
PASS aggressive_bet 下注 >=500 且赢 -> ×1.5
PASS all_in_fanatic 下注 >=80% 筹码且赢 -> ×2
PASS bet_sniper 下注 >= 筹码一半且赢 -> ×2
PASS chip_magnet 赢 -> ×1.3；输不触发
PASS all_in_master 全押且赢 -> ×3
PASS debt_collector_pro 赊账且赢 -> ×1.5
PASS streak_master 连胜 >=3 -> ×3
PASS streak_hammer 连胜 >=2 -> 倍率 + 连胜数
PASS stage_champion 阶段 3 -> ×1.5
PASS 叠加：倍率加法、乘区连乘，且与顺序无关
PASS 67 组合：x_mult 之后额外 ×67（优先级最高）
PASS 67 组合与倍率叠加：winnings = floor(add * mult * x * 67)
PASS soft_22_safe 软 22（含 A、A=11 计 22）改判平局并扣次
PASS soft_22_safe 无 A 的 22 不算软 22，不误伤
PASS soft_bust_shield 软 22 直接判赢并扣次
scoring_acceptance: PASS=75 FAIL=0
